Analysis & Synthesis report for instruction_fetch_unit
Fri Jul 16 15:44:40 2021
Quartus Prime Version 20.1.0 Build 711 06/05/2020 SJ Lite Edition


---------------------
; Table of Contents ;
---------------------
  1. Legal Notice
  2. Analysis & Synthesis Summary
  3. Analysis & Synthesis Settings
  4. Parallel Compilation
  5. Analysis & Synthesis Source Files Read
  6. Analysis & Synthesis Resource Usage Summary
  7. Analysis & Synthesis Resource Utilization by Entity
  8. User-Specified and Inferred Latches
  9. Registers Removed During Synthesis
 10. Removed Registers Triggering Further Register Optimizations
 11. General Register Statistics
 12. Multiplexer Restructuring Statistics (Restructuring Performed)
 13. Port Connectivity Checks: "RAM:RAM_M"
 14. Port Connectivity Checks: "REGISTER32:MAR"
 15. Post-Synthesis Netlist Statistics for Top Partition
 16. Elapsed Time Per Partition
 17. Analysis & Synthesis Messages



----------------
; Legal Notice ;
----------------
Copyright (C) 2020  Intel Corporation. All rights reserved.
Your use of Intel Corporation's design tools, logic functions 
and other software and tools, and any partner logic 
functions, and any output files from any of the foregoing 
(including device programming or simulation files), and any 
associated documentation or information are expressly subject 
to the terms and conditions of the Intel Program License 
Subscription Agreement, the Intel Quartus Prime License Agreement,
the Intel FPGA IP License Agreement, or other applicable license
agreement, including, without limitation, that your use is for
the sole purpose of programming logic devices manufactured by
Intel and sold by Intel or its authorized distributors.  Please
refer to the applicable agreement for further details, at
https://fpgasoftware.intel.com/eula.



+----------------------------------------------------------------------------------+
; Analysis & Synthesis Summary                                                     ;
+------------------------------------+---------------------------------------------+
; Analysis & Synthesis Status        ; Successful - Fri Jul 16 15:44:40 2021       ;
; Quartus Prime Version              ; 20.1.0 Build 711 06/05/2020 SJ Lite Edition ;
; Revision Name                      ; instruction_fetch_unit                      ;
; Top-level Entity Name              ; INSTRUCTION_FETCH_UNIT                      ;
; Family                             ; MAX 10                                      ;
; Total logic elements               ; 7,489                                       ;
;     Total combinational functions  ; 3,465                                       ;
;     Dedicated logic registers      ; 4,118                                       ;
; Total registers                    ; 4118                                        ;
; Total pins                         ; 138                                         ;
; Total virtual pins                 ; 0                                           ;
; Total memory bits                  ; 0                                           ;
; Embedded Multiplier 9-bit elements ; 0                                           ;
; Total PLLs                         ; 0                                           ;
; UFM blocks                         ; 0                                           ;
; ADC blocks                         ; 0                                           ;
+------------------------------------+---------------------------------------------+


+--------------------------------------------------------------------------------------------------------------------+
; Analysis & Synthesis Settings                                                                                      ;
+------------------------------------------------------------------+------------------------+------------------------+
; Option                                                           ; Setting                ; Default Value          ;
+------------------------------------------------------------------+------------------------+------------------------+
; Device                                                           ; 10M50DAF484C7G         ;                        ;
; Top-level entity name                                            ; instruction_fetch_unit ; instruction_fetch_unit ;
; Family name                                                      ; MAX 10                 ; Cyclone V              ;
; Use smart compilation                                            ; Off                    ; Off                    ;
; Enable parallel Assembler and Timing Analyzer during compilation ; On                     ; On                     ;
; Enable compact report table                                      ; Off                    ; Off                    ;
; Restructure Multiplexers                                         ; Auto                   ; Auto                   ;
; Create Debugging Nodes for IP Cores                              ; Off                    ; Off                    ;
; Preserve fewer node names                                        ; On                     ; On                     ;
; Intel FPGA IP Evaluation Mode                                    ; Enable                 ; Enable                 ;
; Verilog Version                                                  ; Verilog_2001           ; Verilog_2001           ;
; VHDL Version                                                     ; VHDL_1993              ; VHDL_1993              ;
; State Machine Processing                                         ; Auto                   ; Auto                   ;
; Safe State Machine                                               ; Off                    ; Off                    ;
; Extract Verilog State Machines                                   ; On                     ; On                     ;
; Extract VHDL State Machines                                      ; On                     ; On                     ;
; Ignore Verilog initial constructs                                ; Off                    ; Off                    ;
; Iteration limit for constant Verilog loops                       ; 5000                   ; 5000                   ;
; Iteration limit for non-constant Verilog loops                   ; 250                    ; 250                    ;
; Add Pass-Through Logic to Inferred RAMs                          ; On                     ; On                     ;
; Infer RAMs from Raw Logic                                        ; On                     ; On                     ;
; Parallel Synthesis                                               ; On                     ; On                     ;
; DSP Block Balancing                                              ; Auto                   ; Auto                   ;
; NOT Gate Push-Back                                               ; On                     ; On                     ;
; Power-Up Don't Care                                              ; On                     ; On                     ;
; Remove Redundant Logic Cells                                     ; Off                    ; Off                    ;
; Remove Duplicate Registers                                       ; On                     ; On                     ;
; Ignore CARRY Buffers                                             ; Off                    ; Off                    ;
; Ignore CASCADE Buffers                                           ; Off                    ; Off                    ;
; Ignore GLOBAL Buffers                                            ; Off                    ; Off                    ;
; Ignore ROW GLOBAL Buffers                                        ; Off                    ; Off                    ;
; Ignore LCELL Buffers                                             ; Off                    ; Off                    ;
; Ignore SOFT Buffers                                              ; On                     ; On                     ;
; Limit AHDL Integers to 32 Bits                                   ; Off                    ; Off                    ;
; Optimization Technique                                           ; Balanced               ; Balanced               ;
; Carry Chain Length                                               ; 70                     ; 70                     ;
; Auto Carry Chains                                                ; On                     ; On                     ;
; Auto Open-Drain Pins                                             ; On                     ; On                     ;
; Perform WYSIWYG Primitive Resynthesis                            ; Off                    ; Off                    ;
; Auto ROM Replacement                                             ; On                     ; On                     ;
; Auto RAM Replacement                                             ; On                     ; On                     ;
; Auto DSP Block Replacement                                       ; On                     ; On                     ;
; Auto Shift Register Replacement                                  ; Auto                   ; Auto                   ;
; Allow Shift Register Merging across Hierarchies                  ; Auto                   ; Auto                   ;
; Auto Clock Enable Replacement                                    ; On                     ; On                     ;
; Strict RAM Replacement                                           ; Off                    ; Off                    ;
; Allow Synchronous Control Signals                                ; On                     ; On                     ;
; Force Use of Synchronous Clear Signals                           ; Off                    ; Off                    ;
; Auto RAM Block Balancing                                         ; On                     ; On                     ;
; Auto RAM to Logic Cell Conversion                                ; Off                    ; Off                    ;
; Auto Resource Sharing                                            ; Off                    ; Off                    ;
; Allow Any RAM Size For Recognition                               ; Off                    ; Off                    ;
; Allow Any ROM Size For Recognition                               ; Off                    ; Off                    ;
; Allow Any Shift Register Size For Recognition                    ; Off                    ; Off                    ;
; Use LogicLock Constraints during Resource Balancing              ; On                     ; On                     ;
; Ignore translate_off and synthesis_off directives                ; Off                    ; Off                    ;
; Timing-Driven Synthesis                                          ; On                     ; On                     ;
; Report Parameter Settings                                        ; On                     ; On                     ;
; Report Source Assignments                                        ; On                     ; On                     ;
; Report Connectivity Checks                                       ; On                     ; On                     ;
; Ignore Maximum Fan-Out Assignments                               ; Off                    ; Off                    ;
; Synchronization Register Chain Length                            ; 2                      ; 2                      ;
; Power Optimization During Synthesis                              ; Normal compilation     ; Normal compilation     ;
; HDL message level                                                ; Level2                 ; Level2                 ;
; Suppress Register Optimization Related Messages                  ; Off                    ; Off                    ;
; Number of Removed Registers Reported in Synthesis Report         ; 5000                   ; 5000                   ;
; Number of Swept Nodes Reported in Synthesis Report               ; 5000                   ; 5000                   ;
; Number of Inverted Registers Reported in Synthesis Report        ; 100                    ; 100                    ;
; Clock MUX Protection                                             ; On                     ; On                     ;
; Auto Gated Clock Conversion                                      ; Off                    ; Off                    ;
; Block Design Naming                                              ; Auto                   ; Auto                   ;
; SDC constraint protection                                        ; Off                    ; Off                    ;
; Synthesis Effort                                                 ; Auto                   ; Auto                   ;
; Shift Register Replacement - Allow Asynchronous Clear Signal     ; On                     ; On                     ;
; Pre-Mapping Resynthesis Optimization                             ; Off                    ; Off                    ;
; Analysis & Synthesis Message Level                               ; Medium                 ; Medium                 ;
; Disable Register Merging Across Hierarchies                      ; Auto                   ; Auto                   ;
; Resource Aware Inference For Block RAM                           ; On                     ; On                     ;
+------------------------------------------------------------------+------------------------+------------------------+


+------------------------------------------+
; Parallel Compilation                     ;
+----------------------------+-------------+
; Processors                 ; Number      ;
+----------------------------+-------------+
; Number detected on machine ; 8           ;
; Maximum allowed            ; 4           ;
;                            ;             ;
; Average used               ; 1.02        ;
; Maximum used               ; 4           ;
;                            ;             ;
; Usage by Processor         ; % Time Used ;
;     Processor 1            ; 100.0%      ;
;     Processor 2            ;   0.7%      ;
;     Processor 3            ;   0.6%      ;
;     Processor 4            ;   0.5%      ;
+----------------------------+-------------+


+------------------------------------------------------------------------------------------------------------------------------------------------------------------------------------------------+
; Analysis & Synthesis Source Files Read                                                                                                                                                         ;
+---------------------------------------------------+-----------------+-----------------+----------------------------------------------------------------------------------------------+---------+
; File Name with User-Entered Path                  ; Used in Netlist ; File Type       ; File Name with Absolute Path                                                                 ; Library ;
+---------------------------------------------------+-----------------+-----------------+----------------------------------------------------------------------------------------------+---------+
; ../05-Register/register32.vhd                     ; yes             ; User VHDL File  ; /home/edocit/Documenti/AUGC/CPU_RISC_32/05-Register/register32.vhd                           ;         ;
; ../04-program_counter/program_counter_32_bit.vhdl ; yes             ; User VHDL File  ; /home/edocit/Documenti/AUGC/CPU_RISC_32/04-program_counter/program_counter_32_bit.vhdl       ;         ;
; ../03-RAM/RAM.vhdl                                ; yes             ; User VHDL File  ; /home/edocit/Documenti/AUGC/CPU_RISC_32/03-RAM/RAM.vhdl                                      ;         ;
; instruction_fetch_unit.vhd                        ; yes             ; User VHDL File  ; /home/edocit/Documenti/AUGC/CPU_RISC_32/06-instruction_fetch_unit/instruction_fetch_unit.vhd ;         ;
+---------------------------------------------------+-----------------+-----------------+----------------------------------------------------------------------------------------------+---------+


+---------------------------------------------------------+
; Analysis & Synthesis Resource Usage Summary             ;
+---------------------------------------------+-----------+
; Resource                                    ; Usage     ;
+---------------------------------------------+-----------+
; Estimated Total logic elements              ; 7,489     ;
;                                             ;           ;
; Total combinational functions               ; 3465      ;
; Logic element usage by number of LUT inputs ;           ;
;     -- 4 input functions                    ; 2878      ;
;     -- 3 input functions                    ; 534       ;
;     -- <=2 input functions                  ; 53        ;
;                                             ;           ;
; Logic elements by mode                      ;           ;
;     -- normal mode                          ; 3422      ;
;     -- arithmetic mode                      ; 43        ;
;                                             ;           ;
; Total registers                             ; 4118      ;
;     -- Dedicated logic registers            ; 4118      ;
;     -- I/O registers                        ; 0         ;
;                                             ;           ;
; I/O pins                                    ; 138       ;
;                                             ;           ;
; Embedded Multiplier 9-bit elements          ; 0         ;
;                                             ;           ;
; Maximum fan-out node                        ; clk~input ;
; Maximum fan-out                             ; 4118      ;
; Total fan-out                               ; 25838     ;
; Average fan-out                             ; 3.29      ;
+---------------------------------------------+-----------+


+---------------------------------------------------------------------------------------------------------------------------------------------------------------------------------------------------------------------------------------------------------------------------------+
; Analysis & Synthesis Resource Utilization by Entity                                                                                                                                                                                                                             ;
+--------------------------------+---------------------+---------------------------+-------------+------------+--------------+---------+-----------+------+--------------+------------+---------------------------------------------------+------------------------+--------------+
; Compilation Hierarchy Node     ; Combinational ALUTs ; Dedicated Logic Registers ; Memory Bits ; UFM Blocks ; DSP Elements ; DSP 9x9 ; DSP 18x18 ; Pins ; Virtual Pins ; ADC blocks ; Full Hierarchy Name                               ; Entity Name            ; Library Name ;
+--------------------------------+---------------------+---------------------------+-------------+------------+--------------+---------+-----------+------+--------------+------------+---------------------------------------------------+------------------------+--------------+
; |INSTRUCTION_FETCH_UNIT        ; 3465 (16)           ; 4118 (0)                  ; 0           ; 0          ; 0            ; 0       ; 0         ; 138  ; 0            ; 0          ; |INSTRUCTION_FETCH_UNIT                           ; INSTRUCTION_FETCH_UNIT ; work         ;
;    |PROGRAM_COUNTER_32_BIT:PC| ; 23 (23)             ; 14 (14)                   ; 0           ; 0          ; 0            ; 0       ; 0         ; 0    ; 0            ; 0          ; |INSTRUCTION_FETCH_UNIT|PROGRAM_COUNTER_32_BIT:PC ; PROGRAM_COUNTER_32_BIT ; work         ;
;    |RAM:RAM_M|                 ; 3353 (3353)         ; 4104 (4104)               ; 0           ; 0          ; 0            ; 0       ; 0         ; 0    ; 0            ; 0          ; |INSTRUCTION_FETCH_UNIT|RAM:RAM_M                 ; RAM                    ; work         ;
;    |REGISTER32:IR|             ; 66 (66)             ; 0 (0)                     ; 0           ; 0          ; 0            ; 0       ; 0         ; 0    ; 0            ; 0          ; |INSTRUCTION_FETCH_UNIT|REGISTER32:IR             ; REGISTER32             ; work         ;
;    |REGISTER32:MAR|            ; 7 (7)               ; 0 (0)                     ; 0           ; 0          ; 0            ; 0       ; 0         ; 0    ; 0            ; 0          ; |INSTRUCTION_FETCH_UNIT|REGISTER32:MAR            ; REGISTER32             ; work         ;
+--------------------------------+---------------------+---------------------------+-------------+------------+--------------+---------+-----------+------+--------------+------------+---------------------------------------------------+------------------------+--------------+
Note: For table entries with two numbers listed, the numbers in parentheses indicate the number of resources of the given type used by the specific entity alone. The numbers listed outside of parentheses indicate the total resources of the given type used by the specific entity and all of its sub-entities in the hierarchy.


+-------------------------------------------------------------------------------------------------------+
; User-Specified and Inferred Latches                                                                   ;
+-----------------------------------------------------+------------------------+------------------------+
; Latch Name                                          ; Latch Enable Signal    ; Free of Timing Hazards ;
+-----------------------------------------------------+------------------------+------------------------+
; REGISTER32:IR|d_out[0]$latch                        ; VCC                    ; yes                    ;
; REGISTER32:IR|d_out[31]_912                         ; VCC                    ; yes                    ;
; REGISTER32:IR|d_out[1]$latch                        ; VCC                    ; yes                    ;
; REGISTER32:IR|d_out[2]$latch                        ; VCC                    ; yes                    ;
; REGISTER32:IR|d_out[3]$latch                        ; VCC                    ; yes                    ;
; REGISTER32:IR|d_out[4]$latch                        ; VCC                    ; yes                    ;
; REGISTER32:IR|d_out[5]$latch                        ; VCC                    ; yes                    ;
; REGISTER32:IR|d_out[6]$latch                        ; VCC                    ; yes                    ;
; REGISTER32:IR|d_out[7]$latch                        ; VCC                    ; yes                    ;
; REGISTER32:IR|d_out[8]$latch                        ; VCC                    ; yes                    ;
; REGISTER32:IR|d_out[9]$latch                        ; VCC                    ; yes                    ;
; REGISTER32:IR|d_out[10]$latch                       ; VCC                    ; yes                    ;
; REGISTER32:IR|d_out[11]$latch                       ; VCC                    ; yes                    ;
; REGISTER32:IR|d_out[12]$latch                       ; VCC                    ; yes                    ;
; REGISTER32:IR|d_out[13]$latch                       ; VCC                    ; yes                    ;
; REGISTER32:IR|d_out[14]$latch                       ; VCC                    ; yes                    ;
; REGISTER32:IR|d_out[15]$latch                       ; VCC                    ; yes                    ;
; REGISTER32:IR|d_out[16]$latch                       ; VCC                    ; yes                    ;
; REGISTER32:IR|d_out[17]$latch                       ; VCC                    ; yes                    ;
; REGISTER32:IR|d_out[18]$latch                       ; VCC                    ; yes                    ;
; REGISTER32:IR|d_out[19]$latch                       ; VCC                    ; yes                    ;
; REGISTER32:IR|d_out[20]$latch                       ; VCC                    ; yes                    ;
; REGISTER32:IR|d_out[21]$latch                       ; VCC                    ; yes                    ;
; REGISTER32:IR|d_out[22]$latch                       ; VCC                    ; yes                    ;
; REGISTER32:IR|d_out[23]$latch                       ; VCC                    ; yes                    ;
; REGISTER32:IR|d_out[24]$latch                       ; VCC                    ; yes                    ;
; REGISTER32:IR|d_out[25]$latch                       ; VCC                    ; yes                    ;
; REGISTER32:IR|d_out[26]$latch                       ; VCC                    ; yes                    ;
; REGISTER32:IR|d_out[27]$latch                       ; VCC                    ; yes                    ;
; REGISTER32:IR|d_out[28]$latch                       ; VCC                    ; yes                    ;
; REGISTER32:IR|d_out[29]$latch                       ; VCC                    ; yes                    ;
; REGISTER32:IR|d_out[30]$latch                       ; VCC                    ; yes                    ;
; REGISTER32:IR|d_out[31]$latch                       ; VCC                    ; yes                    ;
; REGISTER32:IR|data[0]                               ; REGISTER32:IR|data[1]  ; yes                    ;
; REGISTER32:IR|data[1]                               ; REGISTER32:IR|data[1]  ; yes                    ;
; REGISTER32:IR|data[2]                               ; REGISTER32:IR|data[1]  ; yes                    ;
; REGISTER32:IR|data[3]                               ; REGISTER32:IR|data[1]  ; yes                    ;
; REGISTER32:IR|data[4]                               ; REGISTER32:IR|data[1]  ; yes                    ;
; REGISTER32:IR|data[5]                               ; REGISTER32:IR|data[1]  ; yes                    ;
; REGISTER32:IR|data[6]                               ; REGISTER32:IR|data[1]  ; yes                    ;
; REGISTER32:IR|data[7]                               ; REGISTER32:IR|data[1]  ; yes                    ;
; REGISTER32:IR|data[8]                               ; REGISTER32:IR|data[1]  ; yes                    ;
; REGISTER32:IR|data[9]                               ; REGISTER32:IR|data[1]  ; yes                    ;
; REGISTER32:IR|data[10]                              ; REGISTER32:IR|data[1]  ; yes                    ;
; REGISTER32:IR|data[11]                              ; REGISTER32:IR|data[1]  ; yes                    ;
; REGISTER32:IR|data[12]                              ; REGISTER32:IR|data[1]  ; yes                    ;
; REGISTER32:IR|data[13]                              ; REGISTER32:IR|data[1]  ; yes                    ;
; REGISTER32:IR|data[14]                              ; REGISTER32:IR|data[1]  ; yes                    ;
; REGISTER32:IR|data[15]                              ; REGISTER32:IR|data[1]  ; yes                    ;
; REGISTER32:IR|data[16]                              ; REGISTER32:IR|data[1]  ; yes                    ;
; REGISTER32:IR|data[17]                              ; REGISTER32:IR|data[1]  ; yes                    ;
; REGISTER32:IR|data[18]                              ; REGISTER32:IR|data[1]  ; yes                    ;
; REGISTER32:IR|data[19]                              ; REGISTER32:IR|data[1]  ; yes                    ;
; REGISTER32:IR|data[20]                              ; REGISTER32:IR|data[1]  ; yes                    ;
; REGISTER32:IR|data[21]                              ; REGISTER32:IR|data[1]  ; yes                    ;
; REGISTER32:IR|data[22]                              ; REGISTER32:IR|data[1]  ; yes                    ;
; REGISTER32:IR|data[23]                              ; REGISTER32:IR|data[1]  ; yes                    ;
; REGISTER32:IR|data[24]                              ; REGISTER32:IR|data[1]  ; yes                    ;
; REGISTER32:IR|data[25]                              ; REGISTER32:IR|data[1]  ; yes                    ;
; REGISTER32:IR|data[26]                              ; REGISTER32:IR|data[1]  ; yes                    ;
; REGISTER32:IR|data[27]                              ; REGISTER32:IR|data[1]  ; yes                    ;
; REGISTER32:IR|data[28]                              ; REGISTER32:IR|data[1]  ; yes                    ;
; REGISTER32:IR|data[29]                              ; REGISTER32:IR|data[1]  ; yes                    ;
; REGISTER32:IR|data[30]                              ; REGISTER32:IR|data[1]  ; yes                    ;
; REGISTER32:IR|data[31]                              ; REGISTER32:IR|data[1]  ; yes                    ;
; REGISTER32:MAR|d_out[5]$latch                       ; VCC                    ; yes                    ;
; REGISTER32:MAR|d_out[4]$latch                       ; VCC                    ; yes                    ;
; REGISTER32:MAR|d_out[3]$latch                       ; VCC                    ; yes                    ;
; REGISTER32:MAR|d_out[2]$latch                       ; VCC                    ; yes                    ;
; REGISTER32:MAR|d_out[6]$latch                       ; VCC                    ; yes                    ;
; REGISTER32:MAR|d_out[7]$latch                       ; VCC                    ; yes                    ;
; REGISTER32:MAR|d_out[8]$latch                       ; VCC                    ; yes                    ;
; REGISTER32:MAR|data[5]                              ; REGISTER32:MAR|data[1] ; yes                    ;
; REGISTER32:MAR|data[4]                              ; REGISTER32:MAR|data[1] ; yes                    ;
; REGISTER32:MAR|data[3]                              ; REGISTER32:MAR|data[1] ; yes                    ;
; REGISTER32:MAR|data[2]                              ; REGISTER32:MAR|data[1] ; yes                    ;
; REGISTER32:MAR|data[6]                              ; REGISTER32:MAR|data[1] ; yes                    ;
; REGISTER32:MAR|data[7]                              ; REGISTER32:MAR|data[1] ; yes                    ;
; REGISTER32:MAR|data[8]                              ; REGISTER32:MAR|data[1] ; yes                    ;
; Number of user-specified and inferred latches = 79  ;                        ;                        ;
+-----------------------------------------------------+------------------------+------------------------+
Note: All latches listed above may not be present at the end of synthesis due to various synthesis optimizations.


+---------------------------------------------------------------------------------+
; Registers Removed During Synthesis                                              ;
+----------------------------------------+----------------------------------------+
; Register name                          ; Reason for Removal                     ;
+----------------------------------------+----------------------------------------+
; RAM:RAM_M|rm[0]~en                     ; Stuck at GND due to stuck port data_in ;
; RAM:RAM_M|rm[1]~en                     ; Stuck at GND due to stuck port data_in ;
; RAM:RAM_M|rm[2]~en                     ; Stuck at GND due to stuck port data_in ;
; RAM:RAM_M|rm[3]~en                     ; Stuck at GND due to stuck port data_in ;
; RAM:RAM_M|rm[4]~en                     ; Stuck at GND due to stuck port data_in ;
; RAM:RAM_M|rm[5]~en                     ; Stuck at GND due to stuck port data_in ;
; RAM:RAM_M|rm[6]~en                     ; Stuck at GND due to stuck port data_in ;
; RAM:RAM_M|rm[7]~en                     ; Stuck at GND due to stuck port data_in ;
; RAM:RAM_M|rm[8]~en                     ; Stuck at GND due to stuck port data_in ;
; RAM:RAM_M|rm[9]~en                     ; Stuck at GND due to stuck port data_in ;
; RAM:RAM_M|rm[10]~en                    ; Stuck at GND due to stuck port data_in ;
; RAM:RAM_M|rm[11]~en                    ; Stuck at GND due to stuck port data_in ;
; RAM:RAM_M|rm[12]~en                    ; Stuck at GND due to stuck port data_in ;
; RAM:RAM_M|rm[13]~en                    ; Stuck at GND due to stuck port data_in ;
; RAM:RAM_M|rm[14]~en                    ; Stuck at GND due to stuck port data_in ;
; RAM:RAM_M|rm[15]~en                    ; Stuck at GND due to stuck port data_in ;
; RAM:RAM_M|rm[16]~en                    ; Stuck at GND due to stuck port data_in ;
; RAM:RAM_M|rm[17]~en                    ; Stuck at GND due to stuck port data_in ;
; RAM:RAM_M|rm[18]~en                    ; Stuck at GND due to stuck port data_in ;
; RAM:RAM_M|rm[19]~en                    ; Stuck at GND due to stuck port data_in ;
; RAM:RAM_M|rm[20]~en                    ; Stuck at GND due to stuck port data_in ;
; RAM:RAM_M|rm[21]~en                    ; Stuck at GND due to stuck port data_in ;
; RAM:RAM_M|rm[22]~en                    ; Stuck at GND due to stuck port data_in ;
; RAM:RAM_M|rm[23]~en                    ; Stuck at GND due to stuck port data_in ;
; RAM:RAM_M|rm[24]~en                    ; Stuck at GND due to stuck port data_in ;
; RAM:RAM_M|rm[25]~en                    ; Stuck at GND due to stuck port data_in ;
; RAM:RAM_M|rm[26]~en                    ; Stuck at GND due to stuck port data_in ;
; RAM:RAM_M|rm[27]~en                    ; Stuck at GND due to stuck port data_in ;
; RAM:RAM_M|rm[28]~en                    ; Stuck at GND due to stuck port data_in ;
; RAM:RAM_M|rm[29]~en                    ; Stuck at GND due to stuck port data_in ;
; RAM:RAM_M|rm[30]~en                    ; Stuck at GND due to stuck port data_in ;
; RAM:RAM_M|rm[31]~en                    ; Stuck at GND due to stuck port data_in ;
; PROGRAM_COUNTER_32_BIT:PC|cnt_v[9..30] ; Lost fanout                            ;
; PROGRAM_COUNTER_32_BIT:PC|cnt[9..31]   ; Lost fanout                            ;
; Total Number of Removed Registers = 77 ;                                        ;
+----------------------------------------+----------------------------------------+


+---------------------------------------------------------------------------------------------------------------------------------------+
; Removed Registers Triggering Further Register Optimizations                                                                           ;
+-----------------------------------+---------------------------+-----------------------------------------------------------------------+
; Register name                     ; Reason for Removal        ; Registers Removed due to This Register                                ;
+-----------------------------------+---------------------------+-----------------------------------------------------------------------+
; PROGRAM_COUNTER_32_BIT:PC|cnt[31] ; Lost Fanouts              ; PROGRAM_COUNTER_32_BIT:PC|cnt[30], PROGRAM_COUNTER_32_BIT:PC|cnt[29], ;
;                                   ;                           ; PROGRAM_COUNTER_32_BIT:PC|cnt[28], PROGRAM_COUNTER_32_BIT:PC|cnt[27], ;
;                                   ;                           ; PROGRAM_COUNTER_32_BIT:PC|cnt[26], PROGRAM_COUNTER_32_BIT:PC|cnt[25], ;
;                                   ;                           ; PROGRAM_COUNTER_32_BIT:PC|cnt[24], PROGRAM_COUNTER_32_BIT:PC|cnt[23], ;
;                                   ;                           ; PROGRAM_COUNTER_32_BIT:PC|cnt[22], PROGRAM_COUNTER_32_BIT:PC|cnt[21], ;
;                                   ;                           ; PROGRAM_COUNTER_32_BIT:PC|cnt[20], PROGRAM_COUNTER_32_BIT:PC|cnt[19], ;
;                                   ;                           ; PROGRAM_COUNTER_32_BIT:PC|cnt[18], PROGRAM_COUNTER_32_BIT:PC|cnt[17], ;
;                                   ;                           ; PROGRAM_COUNTER_32_BIT:PC|cnt[16], PROGRAM_COUNTER_32_BIT:PC|cnt[15], ;
;                                   ;                           ; PROGRAM_COUNTER_32_BIT:PC|cnt[14], PROGRAM_COUNTER_32_BIT:PC|cnt[13], ;
;                                   ;                           ; PROGRAM_COUNTER_32_BIT:PC|cnt[12], PROGRAM_COUNTER_32_BIT:PC|cnt[11], ;
;                                   ;                           ; PROGRAM_COUNTER_32_BIT:PC|cnt[10], PROGRAM_COUNTER_32_BIT:PC|cnt[9]   ;
; RAM:RAM_M|rm[1]~en                ; Stuck at GND              ; RAM:RAM_M|rm[4]~en, RAM:RAM_M|rm[5]~en                                ;
;                                   ; due to stuck port data_in ;                                                                       ;
+-----------------------------------+---------------------------+-----------------------------------------------------------------------+


+------------------------------------------------------+
; General Register Statistics                          ;
+----------------------------------------------+-------+
; Statistic                                    ; Value ;
+----------------------------------------------+-------+
; Total registers                              ; 4118  ;
; Number of registers using Synchronous Clear  ; 0     ;
; Number of registers using Synchronous Load   ; 0     ;
; Number of registers using Asynchronous Clear ; 64    ;
; Number of registers using Asynchronous Load  ; 0     ;
; Number of registers using Clock Enable       ; 4118  ;
; Number of registers using Preset             ; 0     ;
+----------------------------------------------+-------+


+--------------------------------------------------------------------------------------------------------------------------------------------------------------------------+
; Multiplexer Restructuring Statistics (Restructuring Performed)                                                                                                           ;
+--------------------+-----------+---------------+----------------------+------------------------+------------+------------------------------------------------------------+
; Multiplexer Inputs ; Bus Width ; Baseline Area ; Area if Restructured ; Saving if Restructured ; Registered ; Example Multiplexer Output                                 ;
+--------------------+-----------+---------------+----------------------+------------------------+------------+------------------------------------------------------------+
; 3:1                ; 7 bits    ; 14 LEs        ; 7 LEs                ; 7 LEs                  ; Yes        ; |INSTRUCTION_FETCH_UNIT|PROGRAM_COUNTER_32_BIT:PC|cnt_v[2] ;
; 4:1                ; 30 bits   ; 60 LEs        ; 60 LEs               ; 0 LEs                  ; Yes        ; |INSTRUCTION_FETCH_UNIT|PROGRAM_COUNTER_32_BIT:PC|cnt[28]  ;
; 4:1                ; 32 bits   ; 64 LEs        ; 0 LEs                ; 64 LEs                 ; Yes        ; |INSTRUCTION_FETCH_UNIT|RAM:RAM_M|cnt[19]                  ;
; 4:1                ; 8 bits    ; 16 LEs        ; 16 LEs               ; 0 LEs                  ; No         ; |INSTRUCTION_FETCH_UNIT|RAM:RAM_M|Mux3                     ;
+--------------------+-----------+---------------+----------------------+------------------------+------------+------------------------------------------------------------+


+--------------------------------------------------------------------------------------------------------------------+
; Port Connectivity Checks: "RAM:RAM_M"                                                                              ;
+----------+--------+----------+-------------------------------------------------------------------------------------+
; Port     ; Type   ; Severity ; Details                                                                             ;
+----------+--------+----------+-------------------------------------------------------------------------------------+
; out_en   ; Output ; Info     ; Connected to dangling logic. Logic that only feeds a dangling port will be removed. ;
; mem_busy ; Output ; Info     ; Connected to dangling logic. Logic that only feeds a dangling port will be removed. ;
+----------+--------+----------+-------------------------------------------------------------------------------------+


+-----------------------------------------------------------------------------------------------------------------------+
; Port Connectivity Checks: "REGISTER32:MAR"                                                                            ;
+-------------+--------+----------+-------------------------------------------------------------------------------------+
; Port        ; Type   ; Severity ; Details                                                                             ;
+-------------+--------+----------+-------------------------------------------------------------------------------------+
; d_out[1..0] ; Output ; Info     ; Connected to dangling logic. Logic that only feeds a dangling port will be removed. ;
+-------------+--------+----------+-------------------------------------------------------------------------------------+


+-----------------------------------------------------+
; Post-Synthesis Netlist Statistics for Top Partition ;
+-----------------------+-----------------------------+
; Type                  ; Count                       ;
+-----------------------+-----------------------------+
; boundary_port         ; 138                         ;
; cycloneiii_ff         ; 4118                        ;
;     ENA               ; 4054                        ;
;     ENA CLR           ; 64                          ;
; cycloneiii_io_obuf    ; 32                          ;
; cycloneiii_lcell_comb ; 3465                        ;
;     arith             ; 43                          ;
;         2 data inputs ; 37                          ;
;         3 data inputs ; 6                           ;
;     normal            ; 3422                        ;
;         1 data inputs ; 2                           ;
;         2 data inputs ; 14                          ;
;         3 data inputs ; 528                         ;
;         4 data inputs ; 2878                        ;
;                       ;                             ;
; Max LUT depth         ; 12.50                       ;
; Average LUT depth     ; 8.02                        ;
+-----------------------+-----------------------------+


+-------------------------------+
; Elapsed Time Per Partition    ;
+----------------+--------------+
; Partition Name ; Elapsed Time ;
+----------------+--------------+
; Top            ; 00:00:09     ;
+----------------+--------------+


+-------------------------------+
; Analysis & Synthesis Messages ;
+-------------------------------+
Info: *******************************************************************
Info: Running Quartus Prime Analysis & Synthesis
    Info: Version 20.1.0 Build 711 06/05/2020 SJ Lite Edition
    Info: Processing started: Fri Jul 16 15:44:22 2021
Info: Command: quartus_map --read_settings_files=on --write_settings_files=off instruction_fetch_unit -c instruction_fetch_unit
Warning (18236): Number of processors has not been specified which may cause overloading on shared machines.  Set the global assignment NUM_PARALLEL_PROCESSORS in your QSF to an appropriate value for best performance.
Info (20030): Parallel compilation is enabled and will use 4 of the 4 processors detected
Info (12021): Found 2 design units, including 1 entities, in source file /home/edocit/Documenti/AUGC/CPU_RISC_32/05-Register/register32.vhd
    Info (12022): Found design unit 1: REGISTER32-BHV File: /home/edocit/Documenti/AUGC/CPU_RISC_32/05-Register/register32.vhd Line: 17
    Info (12023): Found entity 1: REGISTER32 File: /home/edocit/Documenti/AUGC/CPU_RISC_32/05-Register/register32.vhd Line: 7
Info (12021): Found 2 design units, including 1 entities, in source file /home/edocit/Documenti/AUGC/CPU_RISC_32/04-program_counter/program_counter_32_bit.vhdl
    Info (12022): Found design unit 1: PROGRAM_COUNTER_32_BIT-BHV File: /home/edocit/Documenti/AUGC/CPU_RISC_32/04-program_counter/program_counter_32_bit.vhdl Line: 20
    Info (12023): Found entity 1: PROGRAM_COUNTER_32_BIT File: /home/edocit/Documenti/AUGC/CPU_RISC_32/04-program_counter/program_counter_32_bit.vhdl Line: 8
Info (12021): Found 2 design units, including 1 entities, in source file /home/edocit/Documenti/AUGC/CPU_RISC_32/03-RAM/RAM.vhdl
    Info (12022): Found design unit 1: RAM-BHV File: /home/edocit/Documenti/AUGC/CPU_RISC_32/03-RAM/RAM.vhdl Line: 21
    Info (12023): Found entity 1: RAM File: /home/edocit/Documenti/AUGC/CPU_RISC_32/03-RAM/RAM.vhdl Line: 8
Info (12021): Found 2 design units, including 1 entities, in source file instruction_fetch_unit_tb.vhdl
    Info (12022): Found design unit 1: INSTRUCTION_FETCH_UNIT_TB-BHV File: /home/edocit/Documenti/AUGC/CPU_RISC_32/06-instruction_fetch_unit/instruction_fetch_unit_tb.vhdl Line: 14
    Info (12023): Found entity 1: INSTRUCTION_FETCH_UNIT_TB File: /home/edocit/Documenti/AUGC/CPU_RISC_32/06-instruction_fetch_unit/instruction_fetch_unit_tb.vhdl Line: 10
Info (12021): Found 2 design units, including 1 entities, in source file instruction_fetch_unit.vhd
    Info (12022): Found design unit 1: INSTRUCTION_FETCH_UNIT-BHV File: /home/edocit/Documenti/AUGC/CPU_RISC_32/06-instruction_fetch_unit/instruction_fetch_unit.vhd Line: 28
    Info (12023): Found entity 1: INSTRUCTION_FETCH_UNIT File: /home/edocit/Documenti/AUGC/CPU_RISC_32/06-instruction_fetch_unit/instruction_fetch_unit.vhd Line: 8
Info (12127): Elaborating entity "instruction_fetch_unit" for the top level hierarchy
Warning (10036): Verilog HDL or VHDL warning at instruction_fetch_unit.vhd(30): object "busy_mem" assigned a value but never read File: /home/edocit/Documenti/AUGC/CPU_RISC_32/06-instruction_fetch_unit/instruction_fetch_unit.vhd Line: 30
Warning (10492): VHDL Process Statement warning at instruction_fetch_unit.vhd(76): signal "ram_addr" is read inside the Process Statement but isn't in the Process Statement's sensitivity list File: /home/edocit/Documenti/AUGC/CPU_RISC_32/06-instruction_fetch_unit/instruction_fetch_unit.vhd Line: 76
Warning (10492): VHDL Process Statement warning at instruction_fetch_unit.vhd(78): signal "ram_addr_internal_mar" is read inside the Process Statement but isn't in the Process Statement's sensitivity list File: /home/edocit/Documenti/AUGC/CPU_RISC_32/06-instruction_fetch_unit/instruction_fetch_unit.vhd Line: 78
Info (12128): Elaborating entity "PROGRAM_COUNTER_32_BIT" for hierarchy "PROGRAM_COUNTER_32_BIT:PC" File: /home/edocit/Documenti/AUGC/CPU_RISC_32/06-instruction_fetch_unit/instruction_fetch_unit.vhd Line: 67
Info (12128): Elaborating entity "REGISTER32" for hierarchy "REGISTER32:MAR" File: /home/edocit/Documenti/AUGC/CPU_RISC_32/06-instruction_fetch_unit/instruction_fetch_unit.vhd Line: 68
Warning (10492): VHDL Process Statement warning at register32.vhd(23): signal "data" is read inside the Process Statement but isn't in the Process Statement's sensitivity list File: /home/edocit/Documenti/AUGC/CPU_RISC_32/05-Register/register32.vhd Line: 23
Warning (10631): VHDL Process Statement warning at register32.vhd(21): inferring latch(es) for signal or variable "d_out", which holds its previous value in one or more paths through the process File: /home/edocit/Documenti/AUGC/CPU_RISC_32/05-Register/register32.vhd Line: 21
Warning (10631): VHDL Process Statement warning at register32.vhd(21): inferring latch(es) for signal or variable "data", which holds its previous value in one or more paths through the process File: /home/edocit/Documenti/AUGC/CPU_RISC_32/05-Register/register32.vhd Line: 21
Info (10041): Inferred latch for "data[0]" at register32.vhd(21) File: /home/edocit/Documenti/AUGC/CPU_RISC_32/05-Register/register32.vhd Line: 21
Info (10041): Inferred latch for "data[1]" at register32.vhd(21) File: /home/edocit/Documenti/AUGC/CPU_RISC_32/05-Register/register32.vhd Line: 21
Info (10041): Inferred latch for "data[2]" at register32.vhd(21) File: /home/edocit/Documenti/AUGC/CPU_RISC_32/05-Register/register32.vhd Line: 21
Info (10041): Inferred latch for "data[3]" at register32.vhd(21) File: /home/edocit/Documenti/AUGC/CPU_RISC_32/05-Register/register32.vhd Line: 21
Info (10041): Inferred latch for "data[4]" at register32.vhd(21) File: /home/edocit/Documenti/AUGC/CPU_RISC_32/05-Register/register32.vhd Line: 21
Info (10041): Inferred latch for "data[5]" at register32.vhd(21) File: /home/edocit/Documenti/AUGC/CPU_RISC_32/05-Register/register32.vhd Line: 21
Info (10041): Inferred latch for "data[6]" at register32.vhd(21) File: /home/edocit/Documenti/AUGC/CPU_RISC_32/05-Register/register32.vhd Line: 21
Info (10041): Inferred latch for "data[7]" at register32.vhd(21) File: /home/edocit/Documenti/AUGC/CPU_RISC_32/05-Register/register32.vhd Line: 21
Info (10041): Inferred latch for "data[8]" at register32.vhd(21) File: /home/edocit/Documenti/AUGC/CPU_RISC_32/05-Register/register32.vhd Line: 21
Info (10041): Inferred latch for "data[9]" at register32.vhd(21) File: /home/edocit/Documenti/AUGC/CPU_RISC_32/05-Register/register32.vhd Line: 21
Info (10041): Inferred latch for "data[10]" at register32.vhd(21) File: /home/edocit/Documenti/AUGC/CPU_RISC_32/05-Register/register32.vhd Line: 21
Info (10041): Inferred latch for "data[11]" at register32.vhd(21) File: /home/edocit/Documenti/AUGC/CPU_RISC_32/05-Register/register32.vhd Line: 21
Info (10041): Inferred latch for "data[12]" at register32.vhd(21) File: /home/edocit/Documenti/AUGC/CPU_RISC_32/05-Register/register32.vhd Line: 21
Info (10041): Inferred latch for "data[13]" at register32.vhd(21) File: /home/edocit/Documenti/AUGC/CPU_RISC_32/05-Register/register32.vhd Line: 21
Info (10041): Inferred latch for "data[14]" at register32.vhd(21) File: /home/edocit/Documenti/AUGC/CPU_RISC_32/05-Register/register32.vhd Line: 21
Info (10041): Inferred latch for "data[15]" at register32.vhd(21) File: /home/edocit/Documenti/AUGC/CPU_RISC_32/05-Register/register32.vhd Line: 21
Info (10041): Inferred latch for "data[16]" at register32.vhd(21) File: /home/edocit/Documenti/AUGC/CPU_RISC_32/05-Register/register32.vhd Line: 21
Info (10041): Inferred latch for "data[17]" at register32.vhd(21) File: /home/edocit/Documenti/AUGC/CPU_RISC_32/05-Register/register32.vhd Line: 21
Info (10041): Inferred latch for "data[18]" at register32.vhd(21) File: /home/edocit/Documenti/AUGC/CPU_RISC_32/05-Register/register32.vhd Line: 21
Info (10041): Inferred latch for "data[19]" at register32.vhd(21) File: /home/edocit/Documenti/AUGC/CPU_RISC_32/05-Register/register32.vhd Line: 21
Info (10041): Inferred latch for "data[20]" at register32.vhd(21) File: /home/edocit/Documenti/AUGC/CPU_RISC_32/05-Register/register32.vhd Line: 21
Info (10041): Inferred latch for "data[21]" at register32.vhd(21) File: /home/edocit/Documenti/AUGC/CPU_RISC_32/05-Register/register32.vhd Line: 21
Info (10041): Inferred latch for "data[22]" at register32.vhd(21) File: /home/edocit/Documenti/AUGC/CPU_RISC_32/05-Register/register32.vhd Line: 21
Info (10041): Inferred latch for "data[23]" at register32.vhd(21) File: /home/edocit/Documenti/AUGC/CPU_RISC_32/05-Register/register32.vhd Line: 21
Info (10041): Inferred latch for "data[24]" at register32.vhd(21) File: /home/edocit/Documenti/AUGC/CPU_RISC_32/05-Register/register32.vhd Line: 21
Info (10041): Inferred latch for "data[25]" at register32.vhd(21) File: /home/edocit/Documenti/AUGC/CPU_RISC_32/05-Register/register32.vhd Line: 21
Info (10041): Inferred latch for "data[26]" at register32.vhd(21) File: /home/edocit/Documenti/AUGC/CPU_RISC_32/05-Register/register32.vhd Line: 21
Info (10041): Inferred latch for "data[27]" at register32.vhd(21) File: /home/edocit/Documenti/AUGC/CPU_RISC_32/05-Register/register32.vhd Line: 21
Info (10041): Inferred latch for "data[28]" at register32.vhd(21) File: /home/edocit/Documenti/AUGC/CPU_RISC_32/05-Register/register32.vhd Line: 21
Info (10041): Inferred latch for "data[29]" at register32.vhd(21) File: /home/edocit/Documenti/AUGC/CPU_RISC_32/05-Register/register32.vhd Line: 21
Info (10041): Inferred latch for "data[30]" at register32.vhd(21) File: /home/edocit/Documenti/AUGC/CPU_RISC_32/05-Register/register32.vhd Line: 21
Info (10041): Inferred latch for "data[31]" at register32.vhd(21) File: /home/edocit/Documenti/AUGC/CPU_RISC_32/05-Register/register32.vhd Line: 21
Info (10041): Inferred latch for "d_out[0]" at register32.vhd(21) File: /home/edocit/Documenti/AUGC/CPU_RISC_32/05-Register/register32.vhd Line: 21
Info (10041): Inferred latch for "d_out[1]" at register32.vhd(21) File: /home/edocit/Documenti/AUGC/CPU_RISC_32/05-Register/register32.vhd Line: 21
Info (10041): Inferred latch for "d_out[2]" at register32.vhd(21) File: /home/edocit/Documenti/AUGC/CPU_RISC_32/05-Register/register32.vhd Line: 21
Info (10041): Inferred latch for "d_out[3]" at register32.vhd(21) File: /home/edocit/Documenti/AUGC/CPU_RISC_32/05-Register/register32.vhd Line: 21
Info (10041): Inferred latch for "d_out[4]" at register32.vhd(21) File: /home/edocit/Documenti/AUGC/CPU_RISC_32/05-Register/register32.vhd Line: 21
Info (10041): Inferred latch for "d_out[5]" at register32.vhd(21) File: /home/edocit/Documenti/AUGC/CPU_RISC_32/05-Register/register32.vhd Line: 21
Info (10041): Inferred latch for "d_out[6]" at register32.vhd(21) File: /home/edocit/Documenti/AUGC/CPU_RISC_32/05-Register/register32.vhd Line: 21
Info (10041): Inferred latch for "d_out[7]" at register32.vhd(21) File: /home/edocit/Documenti/AUGC/CPU_RISC_32/05-Register/register32.vhd Line: 21
Info (10041): Inferred latch for "d_out[8]" at register32.vhd(21) File: /home/edocit/Documenti/AUGC/CPU_RISC_32/05-Register/register32.vhd Line: 21
Info (10041): Inferred latch for "d_out[9]" at register32.vhd(21) File: /home/edocit/Documenti/AUGC/CPU_RISC_32/05-Register/register32.vhd Line: 21
Info (10041): Inferred latch for "d_out[10]" at register32.vhd(21) File: /home/edocit/Documenti/AUGC/CPU_RISC_32/05-Register/register32.vhd Line: 21
Info (10041): Inferred latch for "d_out[11]" at register32.vhd(21) File: /home/edocit/Documenti/AUGC/CPU_RISC_32/05-Register/register32.vhd Line: 21
Info (10041): Inferred latch for "d_out[12]" at register32.vhd(21) File: /home/edocit/Documenti/AUGC/CPU_RISC_32/05-Register/register32.vhd Line: 21
Info (10041): Inferred latch for "d_out[13]" at register32.vhd(21) File: /home/edocit/Documenti/AUGC/CPU_RISC_32/05-Register/register32.vhd Line: 21
Info (10041): Inferred latch for "d_out[14]" at register32.vhd(21) File: /home/edocit/Documenti/AUGC/CPU_RISC_32/05-Register/register32.vhd Line: 21
Info (10041): Inferred latch for "d_out[15]" at register32.vhd(21) File: /home/edocit/Documenti/AUGC/CPU_RISC_32/05-Register/register32.vhd Line: 21
Info (10041): Inferred latch for "d_out[16]" at register32.vhd(21) File: /home/edocit/Documenti/AUGC/CPU_RISC_32/05-Register/register32.vhd Line: 21
Info (10041): Inferred latch for "d_out[17]" at register32.vhd(21) File: /home/edocit/Documenti/AUGC/CPU_RISC_32/05-Register/register32.vhd Line: 21
Info (10041): Inferred latch for "d_out[18]" at register32.vhd(21) File: /home/edocit/Documenti/AUGC/CPU_RISC_32/05-Register/register32.vhd Line: 21
Info (10041): Inferred latch for "d_out[19]" at register32.vhd(21) File: /home/edocit/Documenti/AUGC/CPU_RISC_32/05-Register/register32.vhd Line: 21
Info (10041): Inferred latch for "d_out[20]" at register32.vhd(21) File: /home/edocit/Documenti/AUGC/CPU_RISC_32/05-Register/register32.vhd Line: 21
Info (10041): Inferred latch for "d_out[21]" at register32.vhd(21) File: /home/edocit/Documenti/AUGC/CPU_RISC_32/05-Register/register32.vhd Line: 21
Info (10041): Inferred latch for "d_out[22]" at register32.vhd(21) File: /home/edocit/Documenti/AUGC/CPU_RISC_32/05-Register/register32.vhd Line: 21
Info (10041): Inferred latch for "d_out[23]" at register32.vhd(21) File: /home/edocit/Documenti/AUGC/CPU_RISC_32/05-Register/register32.vhd Line: 21
Info (10041): Inferred latch for "d_out[24]" at register32.vhd(21) File: /home/edocit/Documenti/AUGC/CPU_RISC_32/05-Register/register32.vhd Line: 21
Info (10041): Inferred latch for "d_out[25]" at register32.vhd(21) File: /home/edocit/Documenti/AUGC/CPU_RISC_32/05-Register/register32.vhd Line: 21
Info (10041): Inferred latch for "d_out[26]" at register32.vhd(21) File: /home/edocit/Documenti/AUGC/CPU_RISC_32/05-Register/register32.vhd Line: 21
Info (10041): Inferred latch for "d_out[27]" at register32.vhd(21) File: /home/edocit/Documenti/AUGC/CPU_RISC_32/05-Register/register32.vhd Line: 21
Info (10041): Inferred latch for "d_out[28]" at register32.vhd(21) File: /home/edocit/Documenti/AUGC/CPU_RISC_32/05-Register/register32.vhd Line: 21
Info (10041): Inferred latch for "d_out[29]" at register32.vhd(21) File: /home/edocit/Documenti/AUGC/CPU_RISC_32/05-Register/register32.vhd Line: 21
Info (10041): Inferred latch for "d_out[30]" at register32.vhd(21) File: /home/edocit/Documenti/AUGC/CPU_RISC_32/05-Register/register32.vhd Line: 21
Info (10041): Inferred latch for "d_out[31]" at register32.vhd(21) File: /home/edocit/Documenti/AUGC/CPU_RISC_32/05-Register/register32.vhd Line: 21
Info (12128): Elaborating entity "RAM" for hierarchy "RAM:RAM_M" File: /home/edocit/Documenti/AUGC/CPU_RISC_32/06-instruction_fetch_unit/instruction_fetch_unit.vhd Line: 69
Warning (10541): VHDL Signal Declaration warning at RAM.vhdl(14): used implicit default value for signal "out_en" because signal was never assigned a value or an explicit default value. Use of implicit default value may introduce unintended design optimizations. File: /home/edocit/Documenti/AUGC/CPU_RISC_32/03-RAM/RAM.vhdl Line: 14
Warning (10492): VHDL Process Statement warning at RAM.vhdl(36): signal "en" is read inside the Process Statement but isn't in the Process Statement's sensitivity list File: /home/edocit/Documenti/AUGC/CPU_RISC_32/03-RAM/RAM.vhdl Line: 36
Warning (10492): VHDL Process Statement warning at RAM.vhdl(56): signal "cnt" is read inside the Process Statement but isn't in the Process Statement's sensitivity list File: /home/edocit/Documenti/AUGC/CPU_RISC_32/03-RAM/RAM.vhdl Line: 56
Warning (10492): VHDL Process Statement warning at RAM.vhdl(56): signal "temp" is read inside the Process Statement but isn't in the Process Statement's sensitivity list File: /home/edocit/Documenti/AUGC/CPU_RISC_32/03-RAM/RAM.vhdl Line: 56
Warning (13046): Tri-state node(s) do not directly drive top-level pin(s)
    Warning (13049): Converted tri-state buffer "RAM:RAM_M|rm[0]" feeding internal logic into a wire File: /home/edocit/Documenti/AUGC/CPU_RISC_32/03-RAM/RAM.vhdl Line: 36
    Warning (13049): Converted tri-state buffer "RAM:RAM_M|rm[1]" feeding internal logic into a wire File: /home/edocit/Documenti/AUGC/CPU_RISC_32/03-RAM/RAM.vhdl Line: 36
    Warning (13049): Converted tri-state buffer "RAM:RAM_M|rm[2]" feeding internal logic into a wire File: /home/edocit/Documenti/AUGC/CPU_RISC_32/03-RAM/RAM.vhdl Line: 36
    Warning (13049): Converted tri-state buffer "RAM:RAM_M|rm[3]" feeding internal logic into a wire File: /home/edocit/Documenti/AUGC/CPU_RISC_32/03-RAM/RAM.vhdl Line: 36
    Warning (13049): Converted tri-state buffer "RAM:RAM_M|rm[4]" feeding internal logic into a wire File: /home/edocit/Documenti/AUGC/CPU_RISC_32/03-RAM/RAM.vhdl Line: 36
    Warning (13049): Converted tri-state buffer "RAM:RAM_M|rm[5]" feeding internal logic into a wire File: /home/edocit/Documenti/AUGC/CPU_RISC_32/03-RAM/RAM.vhdl Line: 36
    Warning (13049): Converted tri-state buffer "RAM:RAM_M|rm[6]" feeding internal logic into a wire File: /home/edocit/Documenti/AUGC/CPU_RISC_32/03-RAM/RAM.vhdl Line: 36
    Warning (13049): Converted tri-state buffer "RAM:RAM_M|rm[7]" feeding internal logic into a wire File: /home/edocit/Documenti/AUGC/CPU_RISC_32/03-RAM/RAM.vhdl Line: 36
    Warning (13049): Converted tri-state buffer "RAM:RAM_M|rm[8]" feeding internal logic into a wire File: /home/edocit/Documenti/AUGC/CPU_RISC_32/03-RAM/RAM.vhdl Line: 36
    Warning (13049): Converted tri-state buffer "RAM:RAM_M|rm[9]" feeding internal logic into a wire File: /home/edocit/Documenti/AUGC/CPU_RISC_32/03-RAM/RAM.vhdl Line: 36
    Warning (13049): Converted tri-state buffer "RAM:RAM_M|rm[10]" feeding internal logic into a wire File: /home/edocit/Documenti/AUGC/CPU_RISC_32/03-RAM/RAM.vhdl Line: 36
    Warning (13049): Converted tri-state buffer "RAM:RAM_M|rm[11]" feeding internal logic into a wire File: /home/edocit/Documenti/AUGC/CPU_RISC_32/03-RAM/RAM.vhdl Line: 36
    Warning (13049): Converted tri-state buffer "RAM:RAM_M|rm[12]" feeding internal logic into a wire File: /home/edocit/Documenti/AUGC/CPU_RISC_32/03-RAM/RAM.vhdl Line: 36
    Warning (13049): Converted tri-state buffer "RAM:RAM_M|rm[13]" feeding internal logic into a wire File: /home/edocit/Documenti/AUGC/CPU_RISC_32/03-RAM/RAM.vhdl Line: 36
    Warning (13049): Converted tri-state buffer "RAM:RAM_M|rm[14]" feeding internal logic into a wire File: /home/edocit/Documenti/AUGC/CPU_RISC_32/03-RAM/RAM.vhdl Line: 36
    Warning (13049): Converted tri-state buffer "RAM:RAM_M|rm[15]" feeding internal logic into a wire File: /home/edocit/Documenti/AUGC/CPU_RISC_32/03-RAM/RAM.vhdl Line: 36
    Warning (13049): Converted tri-state buffer "RAM:RAM_M|rm[16]" feeding internal logic into a wire File: /home/edocit/Documenti/AUGC/CPU_RISC_32/03-RAM/RAM.vhdl Line: 36
    Warning (13049): Converted tri-state buffer "RAM:RAM_M|rm[17]" feeding internal logic into a wire File: /home/edocit/Documenti/AUGC/CPU_RISC_32/03-RAM/RAM.vhdl Line: 36
    Warning (13049): Converted tri-state buffer "RAM:RAM_M|rm[18]" feeding internal logic into a wire File: /home/edocit/Documenti/AUGC/CPU_RISC_32/03-RAM/RAM.vhdl Line: 36
    Warning (13049): Converted tri-state buffer "RAM:RAM_M|rm[19]" feeding internal logic into a wire File: /home/edocit/Documenti/AUGC/CPU_RISC_32/03-RAM/RAM.vhdl Line: 36
    Warning (13049): Converted tri-state buffer "RAM:RAM_M|rm[20]" feeding internal logic into a wire File: /home/edocit/Documenti/AUGC/CPU_RISC_32/03-RAM/RAM.vhdl Line: 36
    Warning (13049): Converted tri-state buffer "RAM:RAM_M|rm[21]" feeding internal logic into a wire File: /home/edocit/Documenti/AUGC/CPU_RISC_32/03-RAM/RAM.vhdl Line: 36
    Warning (13049): Converted tri-state buffer "RAM:RAM_M|rm[22]" feeding internal logic into a wire File: /home/edocit/Documenti/AUGC/CPU_RISC_32/03-RAM/RAM.vhdl Line: 36
    Warning (13049): Converted tri-state buffer "RAM:RAM_M|rm[23]" feeding internal logic into a wire File: /home/edocit/Documenti/AUGC/CPU_RISC_32/03-RAM/RAM.vhdl Line: 36
    Warning (13049): Converted tri-state buffer "RAM:RAM_M|rm[24]" feeding internal logic into a wire File: /home/edocit/Documenti/AUGC/CPU_RISC_32/03-RAM/RAM.vhdl Line: 36
    Warning (13049): Converted tri-state buffer "RAM:RAM_M|rm[25]" feeding internal logic into a wire File: /home/edocit/Documenti/AUGC/CPU_RISC_32/03-RAM/RAM.vhdl Line: 36
    Warning (13049): Converted tri-state buffer "RAM:RAM_M|rm[26]" feeding internal logic into a wire File: /home/edocit/Documenti/AUGC/CPU_RISC_32/03-RAM/RAM.vhdl Line: 36
    Warning (13049): Converted tri-state buffer "RAM:RAM_M|rm[27]" feeding internal logic into a wire File: /home/edocit/Documenti/AUGC/CPU_RISC_32/03-RAM/RAM.vhdl Line: 36
    Warning (13049): Converted tri-state buffer "RAM:RAM_M|rm[28]" feeding internal logic into a wire File: /home/edocit/Documenti/AUGC/CPU_RISC_32/03-RAM/RAM.vhdl Line: 36
    Warning (13049): Converted tri-state buffer "RAM:RAM_M|rm[29]" feeding internal logic into a wire File: /home/edocit/Documenti/AUGC/CPU_RISC_32/03-RAM/RAM.vhdl Line: 36
    Warning (13049): Converted tri-state buffer "RAM:RAM_M|rm[30]" feeding internal logic into a wire File: /home/edocit/Documenti/AUGC/CPU_RISC_32/03-RAM/RAM.vhdl Line: 36
    Warning (13049): Converted tri-state buffer "RAM:RAM_M|rm[31]" feeding internal logic into a wire File: /home/edocit/Documenti/AUGC/CPU_RISC_32/03-RAM/RAM.vhdl Line: 36
    Warning (13049): Converted tri-state buffer "REGISTER32:MAR|d_out[2]" feeding internal logic into a wire File: /home/edocit/Documenti/AUGC/CPU_RISC_32/05-Register/register32.vhd Line: 21
    Warning (13049): Converted tri-state buffer "REGISTER32:MAR|d_out[3]" feeding internal logic into a wire File: /home/edocit/Documenti/AUGC/CPU_RISC_32/05-Register/register32.vhd Line: 21
    Warning (13049): Converted tri-state buffer "REGISTER32:MAR|d_out[4]" feeding internal logic into a wire File: /home/edocit/Documenti/AUGC/CPU_RISC_32/05-Register/register32.vhd Line: 21
    Warning (13049): Converted tri-state buffer "REGISTER32:MAR|d_out[5]" feeding internal logic into a wire File: /home/edocit/Documenti/AUGC/CPU_RISC_32/05-Register/register32.vhd Line: 21
    Warning (13049): Converted tri-state buffer "REGISTER32:MAR|d_out[6]" feeding internal logic into a wire File: /home/edocit/Documenti/AUGC/CPU_RISC_32/05-Register/register32.vhd Line: 21
    Warning (13049): Converted tri-state buffer "REGISTER32:MAR|d_out[7]" feeding internal logic into a wire File: /home/edocit/Documenti/AUGC/CPU_RISC_32/05-Register/register32.vhd Line: 21
    Warning (13049): Converted tri-state buffer "REGISTER32:MAR|d_out[8]" feeding internal logic into a wire File: /home/edocit/Documenti/AUGC/CPU_RISC_32/05-Register/register32.vhd Line: 21
    Warning (13049): Converted tri-state buffer "REGISTER32:MAR|d_out[9]" feeding internal logic into a wire File: /home/edocit/Documenti/AUGC/CPU_RISC_32/05-Register/register32.vhd Line: 21
    Warning (13049): Converted tri-state buffer "REGISTER32:MAR|d_out[10]" feeding internal logic into a wire File: /home/edocit/Documenti/AUGC/CPU_RISC_32/05-Register/register32.vhd Line: 21
    Warning (13049): Converted tri-state buffer "REGISTER32:MAR|d_out[11]" feeding internal logic into a wire File: /home/edocit/Documenti/AUGC/CPU_RISC_32/05-Register/register32.vhd Line: 21
    Warning (13049): Converted tri-state buffer "REGISTER32:MAR|d_out[12]" feeding internal logic into a wire File: /home/edocit/Documenti/AUGC/CPU_RISC_32/05-Register/register32.vhd Line: 21
    Warning (13049): Converted tri-state buffer "REGISTER32:MAR|d_out[13]" feeding internal logic into a wire File: /home/edocit/Documenti/AUGC/CPU_RISC_32/05-Register/register32.vhd Line: 21
    Warning (13049): Converted tri-state buffer "REGISTER32:MAR|d_out[14]" feeding internal logic into a wire File: /home/edocit/Documenti/AUGC/CPU_RISC_32/05-Register/register32.vhd Line: 21
    Warning (13049): Converted tri-state buffer "REGISTER32:MAR|d_out[15]" feeding internal logic into a wire File: /home/edocit/Documenti/AUGC/CPU_RISC_32/05-Register/register32.vhd Line: 21
    Warning (13049): Converted tri-state buffer "REGISTER32:MAR|d_out[16]" feeding internal logic into a wire File: /home/edocit/Documenti/AUGC/CPU_RISC_32/05-Register/register32.vhd Line: 21
    Warning (13049): Converted tri-state buffer "REGISTER32:MAR|d_out[17]" feeding internal logic into a wire File: /home/edocit/Documenti/AUGC/CPU_RISC_32/05-Register/register32.vhd Line: 21
    Warning (13049): Converted tri-state buffer "REGISTER32:MAR|d_out[18]" feeding internal logic into a wire File: /home/edocit/Documenti/AUGC/CPU_RISC_32/05-Register/register32.vhd Line: 21
    Warning (13049): Converted tri-state buffer "REGISTER32:MAR|d_out[19]" feeding internal logic into a wire File: /home/edocit/Documenti/AUGC/CPU_RISC_32/05-Register/register32.vhd Line: 21
    Warning (13049): Converted tri-state buffer "REGISTER32:MAR|d_out[20]" feeding internal logic into a wire File: /home/edocit/Documenti/AUGC/CPU_RISC_32/05-Register/register32.vhd Line: 21
    Warning (13049): Converted tri-state buffer "REGISTER32:MAR|d_out[21]" feeding internal logic into a wire File: /home/edocit/Documenti/AUGC/CPU_RISC_32/05-Register/register32.vhd Line: 21
    Warning (13049): Converted tri-state buffer "REGISTER32:MAR|d_out[22]" feeding internal logic into a wire File: /home/edocit/Documenti/AUGC/CPU_RISC_32/05-Register/register32.vhd Line: 21
    Warning (13049): Converted tri-state buffer "REGISTER32:MAR|d_out[23]" feeding internal logic into a wire File: /home/edocit/Documenti/AUGC/CPU_RISC_32/05-Register/register32.vhd Line: 21
    Warning (13049): Converted tri-state buffer "REGISTER32:MAR|d_out[24]" feeding internal logic into a wire File: /home/edocit/Documenti/AUGC/CPU_RISC_32/05-Register/register32.vhd Line: 21
    Warning (13049): Converted tri-state buffer "REGISTER32:MAR|d_out[25]" feeding internal logic into a wire File: /home/edocit/Documenti/AUGC/CPU_RISC_32/05-Register/register32.vhd Line: 21
    Warning (13049): Converted tri-state buffer "REGISTER32:MAR|d_out[26]" feeding internal logic into a wire File: /home/edocit/Documenti/AUGC/CPU_RISC_32/05-Register/register32.vhd Line: 21
    Warning (13049): Converted tri-state buffer "REGISTER32:MAR|d_out[27]" feeding internal logic into a wire File: /home/edocit/Documenti/AUGC/CPU_RISC_32/05-Register/register32.vhd Line: 21
    Warning (13049): Converted tri-state buffer "REGISTER32:MAR|d_out[28]" feeding internal logic into a wire File: /home/edocit/Documenti/AUGC/CPU_RISC_32/05-Register/register32.vhd Line: 21
    Warning (13049): Converted tri-state buffer "REGISTER32:MAR|d_out[29]" feeding internal logic into a wire File: /home/edocit/Documenti/AUGC/CPU_RISC_32/05-Register/register32.vhd Line: 21
    Warning (13049): Converted tri-state buffer "REGISTER32:MAR|d_out[30]" feeding internal logic into a wire File: /home/edocit/Documenti/AUGC/CPU_RISC_32/05-Register/register32.vhd Line: 21
Info (276014): Found 1 instances of uninferred RAM logic
    Info (276007): RAM logic "RAM:RAM_M|memory" is uninferred due to asynchronous read logic File: /home/edocit/Documenti/AUGC/CPU_RISC_32/03-RAM/RAM.vhdl Line: 24
Warning (13004): Presettable and clearable registers converted to equivalent circuits with latches. Registers power-up to an undefined state, and DEVCLRn places the registers in an undefined state.
    Warning (13310): Register "RAM:RAM_M|rm[0]~reg0" is converted into an equivalent circuit using register "RAM:RAM_M|rm[0]~reg0_emulated" and latch "RAM:RAM_M|rm[0]~1" File: /home/edocit/Documenti/AUGC/CPU_RISC_32/03-RAM/RAM.vhdl Line: 36
    Warning (13310): Register "RAM:RAM_M|rm[1]~reg0" is converted into an equivalent circuit using register "RAM:RAM_M|rm[1]~reg0_emulated" and latch "RAM:RAM_M|rm[1]~5" File: /home/edocit/Documenti/AUGC/CPU_RISC_32/03-RAM/RAM.vhdl Line: 36
    Warning (13310): Register "RAM:RAM_M|rm[2]~reg0" is converted into an equivalent circuit using register "RAM:RAM_M|rm[2]~reg0_emulated" and latch "RAM:RAM_M|rm[2]~9" File: /home/edocit/Documenti/AUGC/CPU_RISC_32/03-RAM/RAM.vhdl Line: 36
    Warning (13310): Register "RAM:RAM_M|rm[3]~reg0" is converted into an equivalent circuit using register "RAM:RAM_M|rm[3]~reg0_emulated" and latch "RAM:RAM_M|rm[3]~13" File: /home/edocit/Documenti/AUGC/CPU_RISC_32/03-RAM/RAM.vhdl Line: 36
    Warning (13310): Register "RAM:RAM_M|rm[4]~reg0" is converted into an equivalent circuit using register "RAM:RAM_M|rm[4]~reg0_emulated" and latch "RAM:RAM_M|rm[4]~17" File: /home/edocit/Documenti/AUGC/CPU_RISC_32/03-RAM/RAM.vhdl Line: 36
    Warning (13310): Register "RAM:RAM_M|rm[5]~reg0" is converted into an equivalent circuit using register "RAM:RAM_M|rm[5]~reg0_emulated" and latch "RAM:RAM_M|rm[5]~21" File: /home/edocit/Documenti/AUGC/CPU_RISC_32/03-RAM/RAM.vhdl Line: 36
    Warning (13310): Register "RAM:RAM_M|rm[6]~reg0" is converted into an equivalent circuit using register "RAM:RAM_M|rm[6]~reg0_emulated" and latch "RAM:RAM_M|rm[6]~25" File: /home/edocit/Documenti/AUGC/CPU_RISC_32/03-RAM/RAM.vhdl Line: 36
    Warning (13310): Register "RAM:RAM_M|rm[7]~reg0" is converted into an equivalent circuit using register "RAM:RAM_M|rm[7]~reg0_emulated" and latch "RAM:RAM_M|rm[7]~29" File: /home/edocit/Documenti/AUGC/CPU_RISC_32/03-RAM/RAM.vhdl Line: 36
    Warning (13310): Register "RAM:RAM_M|rm[8]~reg0" is converted into an equivalent circuit using register "RAM:RAM_M|rm[8]~reg0_emulated" and latch "RAM:RAM_M|rm[8]~33" File: /home/edocit/Documenti/AUGC/CPU_RISC_32/03-RAM/RAM.vhdl Line: 36
    Warning (13310): Register "RAM:RAM_M|rm[9]~reg0" is converted into an equivalent circuit using register "RAM:RAM_M|rm[9]~reg0_emulated" and latch "RAM:RAM_M|rm[9]~37" File: /home/edocit/Documenti/AUGC/CPU_RISC_32/03-RAM/RAM.vhdl Line: 36
    Warning (13310): Register "RAM:RAM_M|rm[10]~reg0" is converted into an equivalent circuit using register "RAM:RAM_M|rm[10]~reg0_emulated" and latch "RAM:RAM_M|rm[10]~41" File: /home/edocit/Documenti/AUGC/CPU_RISC_32/03-RAM/RAM.vhdl Line: 36
    Warning (13310): Register "RAM:RAM_M|rm[11]~reg0" is converted into an equivalent circuit using register "RAM:RAM_M|rm[11]~reg0_emulated" and latch "RAM:RAM_M|rm[11]~45" File: /home/edocit/Documenti/AUGC/CPU_RISC_32/03-RAM/RAM.vhdl Line: 36
    Warning (13310): Register "RAM:RAM_M|rm[12]~reg0" is converted into an equivalent circuit using register "RAM:RAM_M|rm[12]~reg0_emulated" and latch "RAM:RAM_M|rm[12]~49" File: /home/edocit/Documenti/AUGC/CPU_RISC_32/03-RAM/RAM.vhdl Line: 36
    Warning (13310): Register "RAM:RAM_M|rm[13]~reg0" is converted into an equivalent circuit using register "RAM:RAM_M|rm[13]~reg0_emulated" and latch "RAM:RAM_M|rm[13]~53" File: /home/edocit/Documenti/AUGC/CPU_RISC_32/03-RAM/RAM.vhdl Line: 36
    Warning (13310): Register "RAM:RAM_M|rm[14]~reg0" is converted into an equivalent circuit using register "RAM:RAM_M|rm[14]~reg0_emulated" and latch "RAM:RAM_M|rm[14]~57" File: /home/edocit/Documenti/AUGC/CPU_RISC_32/03-RAM/RAM.vhdl Line: 36
    Warning (13310): Register "RAM:RAM_M|rm[15]~reg0" is converted into an equivalent circuit using register "RAM:RAM_M|rm[15]~reg0_emulated" and latch "RAM:RAM_M|rm[15]~61" File: /home/edocit/Documenti/AUGC/CPU_RISC_32/03-RAM/RAM.vhdl Line: 36
    Warning (13310): Register "RAM:RAM_M|rm[16]~reg0" is converted into an equivalent circuit using register "RAM:RAM_M|rm[16]~reg0_emulated" and latch "RAM:RAM_M|rm[16]~65" File: /home/edocit/Documenti/AUGC/CPU_RISC_32/03-RAM/RAM.vhdl Line: 36
    Warning (13310): Register "RAM:RAM_M|rm[17]~reg0" is converted into an equivalent circuit using register "RAM:RAM_M|rm[17]~reg0_emulated" and latch "RAM:RAM_M|rm[17]~69" File: /home/edocit/Documenti/AUGC/CPU_RISC_32/03-RAM/RAM.vhdl Line: 36
    Warning (13310): Register "RAM:RAM_M|rm[18]~reg0" is converted into an equivalent circuit using register "RAM:RAM_M|rm[18]~reg0_emulated" and latch "RAM:RAM_M|rm[18]~73" File: /home/edocit/Documenti/AUGC/CPU_RISC_32/03-RAM/RAM.vhdl Line: 36
    Warning (13310): Register "RAM:RAM_M|rm[19]~reg0" is converted into an equivalent circuit using register "RAM:RAM_M|rm[19]~reg0_emulated" and latch "RAM:RAM_M|rm[19]~77" File: /home/edocit/Documenti/AUGC/CPU_RISC_32/03-RAM/RAM.vhdl Line: 36
    Warning (13310): Register "RAM:RAM_M|rm[20]~reg0" is converted into an equivalent circuit using register "RAM:RAM_M|rm[20]~reg0_emulated" and latch "RAM:RAM_M|rm[20]~81" File: /home/edocit/Documenti/AUGC/CPU_RISC_32/03-RAM/RAM.vhdl Line: 36
    Warning (13310): Register "RAM:RAM_M|rm[21]~reg0" is converted into an equivalent circuit using register "RAM:RAM_M|rm[21]~reg0_emulated" and latch "RAM:RAM_M|rm[21]~85" File: /home/edocit/Documenti/AUGC/CPU_RISC_32/03-RAM/RAM.vhdl Line: 36
    Warning (13310): Register "RAM:RAM_M|rm[22]~reg0" is converted into an equivalent circuit using register "RAM:RAM_M|rm[22]~reg0_emulated" and latch "RAM:RAM_M|rm[22]~89" File: /home/edocit/Documenti/AUGC/CPU_RISC_32/03-RAM/RAM.vhdl Line: 36
    Warning (13310): Register "RAM:RAM_M|rm[23]~reg0" is converted into an equivalent circuit using register "RAM:RAM_M|rm[23]~reg0_emulated" and latch "RAM:RAM_M|rm[23]~93" File: /home/edocit/Documenti/AUGC/CPU_RISC_32/03-RAM/RAM.vhdl Line: 36
    Warning (13310): Register "RAM:RAM_M|rm[24]~reg0" is converted into an equivalent circuit using register "RAM:RAM_M|rm[24]~reg0_emulated" and latch "RAM:RAM_M|rm[24]~97" File: /home/edocit/Documenti/AUGC/CPU_RISC_32/03-RAM/RAM.vhdl Line: 36
    Warning (13310): Register "RAM:RAM_M|rm[25]~reg0" is converted into an equivalent circuit using register "RAM:RAM_M|rm[25]~reg0_emulated" and latch "RAM:RAM_M|rm[25]~101" File: /home/edocit/Documenti/AUGC/CPU_RISC_32/03-RAM/RAM.vhdl Line: 36
    Warning (13310): Register "RAM:RAM_M|rm[26]~reg0" is converted into an equivalent circuit using register "RAM:RAM_M|rm[26]~reg0_emulated" and latch "RAM:RAM_M|rm[26]~105" File: /home/edocit/Documenti/AUGC/CPU_RISC_32/03-RAM/RAM.vhdl Line: 36
    Warning (13310): Register "RAM:RAM_M|rm[27]~reg0" is converted into an equivalent circuit using register "RAM:RAM_M|rm[27]~reg0_emulated" and latch "RAM:RAM_M|rm[27]~109" File: /home/edocit/Documenti/AUGC/CPU_RISC_32/03-RAM/RAM.vhdl Line: 36
    Warning (13310): Register "RAM:RAM_M|rm[28]~reg0" is converted into an equivalent circuit using register "RAM:RAM_M|rm[28]~reg0_emulated" and latch "RAM:RAM_M|rm[28]~113" File: /home/edocit/Documenti/AUGC/CPU_RISC_32/03-RAM/RAM.vhdl Line: 36
    Warning (13310): Register "RAM:RAM_M|rm[29]~reg0" is converted into an equivalent circuit using register "RAM:RAM_M|rm[29]~reg0_emulated" and latch "RAM:RAM_M|rm[29]~117" File: /home/edocit/Documenti/AUGC/CPU_RISC_32/03-RAM/RAM.vhdl Line: 36
    Warning (13310): Register "RAM:RAM_M|rm[30]~reg0" is converted into an equivalent circuit using register "RAM:RAM_M|rm[30]~reg0_emulated" and latch "RAM:RAM_M|rm[30]~121" File: /home/edocit/Documenti/AUGC/CPU_RISC_32/03-RAM/RAM.vhdl Line: 36
    Warning (13310): Register "RAM:RAM_M|rm[31]~reg0" is converted into an equivalent circuit using register "RAM:RAM_M|rm[31]~reg0_emulated" and latch "RAM:RAM_M|rm[31]~125" File: /home/edocit/Documenti/AUGC/CPU_RISC_32/03-RAM/RAM.vhdl Line: 36
Info (286030): Timing-Driven Synthesis is running
Info (17049): 45 registers lost all their fanouts during netlist optimizations.
Info (16010): Generating hard_block partition "hard_block:auto_generated_inst"
    Info (16011): Adding 0 node(s), including 0 DDIO, 0 PLL, 0 transceiver and 0 LCELL
Warning (21074): Design contains 50 input pin(s) that do not drive logic
    Warning (15610): No output dependent on input pin "ram_addr[0]" File: /home/edocit/Documenti/AUGC/CPU_RISC_32/06-instruction_fetch_unit/instruction_fetch_unit.vhd Line: 15
    Warning (15610): No output dependent on input pin "ram_addr[1]" File: /home/edocit/Documenti/AUGC/CPU_RISC_32/06-instruction_fetch_unit/instruction_fetch_unit.vhd Line: 15
    Warning (15610): No output dependent on input pin "ram_addr[9]" File: /home/edocit/Documenti/AUGC/CPU_RISC_32/06-instruction_fetch_unit/instruction_fetch_unit.vhd Line: 15
    Warning (15610): No output dependent on input pin "ram_addr[10]" File: /home/edocit/Documenti/AUGC/CPU_RISC_32/06-instruction_fetch_unit/instruction_fetch_unit.vhd Line: 15
    Warning (15610): No output dependent on input pin "ram_addr[11]" File: /home/edocit/Documenti/AUGC/CPU_RISC_32/06-instruction_fetch_unit/instruction_fetch_unit.vhd Line: 15
    Warning (15610): No output dependent on input pin "ram_addr[12]" File: /home/edocit/Documenti/AUGC/CPU_RISC_32/06-instruction_fetch_unit/instruction_fetch_unit.vhd Line: 15
    Warning (15610): No output dependent on input pin "ram_addr[13]" File: /home/edocit/Documenti/AUGC/CPU_RISC_32/06-instruction_fetch_unit/instruction_fetch_unit.vhd Line: 15
    Warning (15610): No output dependent on input pin "ram_addr[14]" File: /home/edocit/Documenti/AUGC/CPU_RISC_32/06-instruction_fetch_unit/instruction_fetch_unit.vhd Line: 15
    Warning (15610): No output dependent on input pin "ram_addr[15]" File: /home/edocit/Documenti/AUGC/CPU_RISC_32/06-instruction_fetch_unit/instruction_fetch_unit.vhd Line: 15
    Warning (15610): No output dependent on input pin "ram_addr[16]" File: /home/edocit/Documenti/AUGC/CPU_RISC_32/06-instruction_fetch_unit/instruction_fetch_unit.vhd Line: 15
    Warning (15610): No output dependent on input pin "ram_addr[17]" File: /home/edocit/Documenti/AUGC/CPU_RISC_32/06-instruction_fetch_unit/instruction_fetch_unit.vhd Line: 15
    Warning (15610): No output dependent on input pin "ram_addr[18]" File: /home/edocit/Documenti/AUGC/CPU_RISC_32/06-instruction_fetch_unit/instruction_fetch_unit.vhd Line: 15
    Warning (15610): No output dependent on input pin "ram_addr[19]" File: /home/edocit/Documenti/AUGC/CPU_RISC_32/06-instruction_fetch_unit/instruction_fetch_unit.vhd Line: 15
    Warning (15610): No output dependent on input pin "ram_addr[20]" File: /home/edocit/Documenti/AUGC/CPU_RISC_32/06-instruction_fetch_unit/instruction_fetch_unit.vhd Line: 15
    Warning (15610): No output dependent on input pin "ram_addr[21]" File: /home/edocit/Documenti/AUGC/CPU_RISC_32/06-instruction_fetch_unit/instruction_fetch_unit.vhd Line: 15
    Warning (15610): No output dependent on input pin "ram_addr[22]" File: /home/edocit/Documenti/AUGC/CPU_RISC_32/06-instruction_fetch_unit/instruction_fetch_unit.vhd Line: 15
    Warning (15610): No output dependent on input pin "ram_addr[23]" File: /home/edocit/Documenti/AUGC/CPU_RISC_32/06-instruction_fetch_unit/instruction_fetch_unit.vhd Line: 15
    Warning (15610): No output dependent on input pin "ram_addr[24]" File: /home/edocit/Documenti/AUGC/CPU_RISC_32/06-instruction_fetch_unit/instruction_fetch_unit.vhd Line: 15
    Warning (15610): No output dependent on input pin "ram_addr[25]" File: /home/edocit/Documenti/AUGC/CPU_RISC_32/06-instruction_fetch_unit/instruction_fetch_unit.vhd Line: 15
    Warning (15610): No output dependent on input pin "ram_addr[26]" File: /home/edocit/Documenti/AUGC/CPU_RISC_32/06-instruction_fetch_unit/instruction_fetch_unit.vhd Line: 15
    Warning (15610): No output dependent on input pin "ram_addr[27]" File: /home/edocit/Documenti/AUGC/CPU_RISC_32/06-instruction_fetch_unit/instruction_fetch_unit.vhd Line: 15
    Warning (15610): No output dependent on input pin "ram_addr[28]" File: /home/edocit/Documenti/AUGC/CPU_RISC_32/06-instruction_fetch_unit/instruction_fetch_unit.vhd Line: 15
    Warning (15610): No output dependent on input pin "ram_addr[29]" File: /home/edocit/Documenti/AUGC/CPU_RISC_32/06-instruction_fetch_unit/instruction_fetch_unit.vhd Line: 15
    Warning (15610): No output dependent on input pin "ram_addr[30]" File: /home/edocit/Documenti/AUGC/CPU_RISC_32/06-instruction_fetch_unit/instruction_fetch_unit.vhd Line: 15
    Warning (15610): No output dependent on input pin "ram_addr[31]" File: /home/edocit/Documenti/AUGC/CPU_RISC_32/06-instruction_fetch_unit/instruction_fetch_unit.vhd Line: 15
    Warning (15610): No output dependent on input pin "jmp_addr[0]" File: /home/edocit/Documenti/AUGC/CPU_RISC_32/06-instruction_fetch_unit/instruction_fetch_unit.vhd Line: 22
    Warning (15610): No output dependent on input pin "jmp_addr[1]" File: /home/edocit/Documenti/AUGC/CPU_RISC_32/06-instruction_fetch_unit/instruction_fetch_unit.vhd Line: 22
    Warning (15610): No output dependent on input pin "jmp_addr[31]" File: /home/edocit/Documenti/AUGC/CPU_RISC_32/06-instruction_fetch_unit/instruction_fetch_unit.vhd Line: 22
    Warning (15610): No output dependent on input pin "jmp_addr[30]" File: /home/edocit/Documenti/AUGC/CPU_RISC_32/06-instruction_fetch_unit/instruction_fetch_unit.vhd Line: 22
    Warning (15610): No output dependent on input pin "jmp_addr[29]" File: /home/edocit/Documenti/AUGC/CPU_RISC_32/06-instruction_fetch_unit/instruction_fetch_unit.vhd Line: 22
    Warning (15610): No output dependent on input pin "jmp_addr[28]" File: /home/edocit/Documenti/AUGC/CPU_RISC_32/06-instruction_fetch_unit/instruction_fetch_unit.vhd Line: 22
    Warning (15610): No output dependent on input pin "jmp_addr[27]" File: /home/edocit/Documenti/AUGC/CPU_RISC_32/06-instruction_fetch_unit/instruction_fetch_unit.vhd Line: 22
    Warning (15610): No output dependent on input pin "jmp_addr[26]" File: /home/edocit/Documenti/AUGC/CPU_RISC_32/06-instruction_fetch_unit/instruction_fetch_unit.vhd Line: 22
    Warning (15610): No output dependent on input pin "jmp_addr[25]" File: /home/edocit/Documenti/AUGC/CPU_RISC_32/06-instruction_fetch_unit/instruction_fetch_unit.vhd Line: 22
    Warning (15610): No output dependent on input pin "jmp_addr[24]" File: /home/edocit/Documenti/AUGC/CPU_RISC_32/06-instruction_fetch_unit/instruction_fetch_unit.vhd Line: 22
    Warning (15610): No output dependent on input pin "jmp_addr[23]" File: /home/edocit/Documenti/AUGC/CPU_RISC_32/06-instruction_fetch_unit/instruction_fetch_unit.vhd Line: 22
    Warning (15610): No output dependent on input pin "jmp_addr[22]" File: /home/edocit/Documenti/AUGC/CPU_RISC_32/06-instruction_fetch_unit/instruction_fetch_unit.vhd Line: 22
    Warning (15610): No output dependent on input pin "jmp_addr[21]" File: /home/edocit/Documenti/AUGC/CPU_RISC_32/06-instruction_fetch_unit/instruction_fetch_unit.vhd Line: 22
    Warning (15610): No output dependent on input pin "jmp_addr[20]" File: /home/edocit/Documenti/AUGC/CPU_RISC_32/06-instruction_fetch_unit/instruction_fetch_unit.vhd Line: 22
    Warning (15610): No output dependent on input pin "jmp_addr[19]" File: /home/edocit/Documenti/AUGC/CPU_RISC_32/06-instruction_fetch_unit/instruction_fetch_unit.vhd Line: 22
    Warning (15610): No output dependent on input pin "jmp_addr[18]" File: /home/edocit/Documenti/AUGC/CPU_RISC_32/06-instruction_fetch_unit/instruction_fetch_unit.vhd Line: 22
    Warning (15610): No output dependent on input pin "jmp_addr[17]" File: /home/edocit/Documenti/AUGC/CPU_RISC_32/06-instruction_fetch_unit/instruction_fetch_unit.vhd Line: 22
    Warning (15610): No output dependent on input pin "jmp_addr[16]" File: /home/edocit/Documenti/AUGC/CPU_RISC_32/06-instruction_fetch_unit/instruction_fetch_unit.vhd Line: 22
    Warning (15610): No output dependent on input pin "jmp_addr[15]" File: /home/edocit/Documenti/AUGC/CPU_RISC_32/06-instruction_fetch_unit/instruction_fetch_unit.vhd Line: 22
    Warning (15610): No output dependent on input pin "jmp_addr[14]" File: /home/edocit/Documenti/AUGC/CPU_RISC_32/06-instruction_fetch_unit/instruction_fetch_unit.vhd Line: 22
    Warning (15610): No output dependent on input pin "jmp_addr[13]" File: /home/edocit/Documenti/AUGC/CPU_RISC_32/06-instruction_fetch_unit/instruction_fetch_unit.vhd Line: 22
    Warning (15610): No output dependent on input pin "jmp_addr[12]" File: /home/edocit/Documenti/AUGC/CPU_RISC_32/06-instruction_fetch_unit/instruction_fetch_unit.vhd Line: 22
    Warning (15610): No output dependent on input pin "jmp_addr[11]" File: /home/edocit/Documenti/AUGC/CPU_RISC_32/06-instruction_fetch_unit/instruction_fetch_unit.vhd Line: 22
    Warning (15610): No output dependent on input pin "jmp_addr[10]" File: /home/edocit/Documenti/AUGC/CPU_RISC_32/06-instruction_fetch_unit/instruction_fetch_unit.vhd Line: 22
    Warning (15610): No output dependent on input pin "jmp_addr[9]" File: /home/edocit/Documenti/AUGC/CPU_RISC_32/06-instruction_fetch_unit/instruction_fetch_unit.vhd Line: 22
Info (21057): Implemented 7675 device resources after synthesis - the final resource count might be different
    Info (21058): Implemented 106 input pins
    Info (21059): Implemented 32 output pins
    Info (21061): Implemented 7537 logic cells
Info: Quartus Prime Analysis & Synthesis was successful. 0 errors, 157 warnings
    Info: Peak virtual memory: 456 megabytes
    Info: Processing ended: Fri Jul 16 15:44:40 2021
    Info: Elapsed time: 00:00:18
    Info: Total CPU time (on all processors): 00:00:34


